/Users/aryankshparida/Public Health Research/.venv/lib/python3.9/site-packages/urllib3/__init__.py:35: NotOpenSSLWarning: urllib3 v2 only supports OpenSSL 1.1.1+, currently the 'ssl' module is compiled with 'LibreSSL 2.8.3'. See: https://github.com/urllib3/urllib3/issues/3020
  warnings.warn(
Fetched 21 total items.
Item: Effects of vitamin D(3) supplementation on cardiac, muscle, and immune responses after a marathon race: a single-blind, placebo-controlled trial. - Date: 2026 Dec 31 - Source: PubMed
Item: Comparative analysis of inflammatory and metabolic indices (HALP score, NLR, LMR, and TyG index) in healthy individuals, dipper, and non-dipper hypertensive phenotypes. - Date: 2026 Dec 31 - Source: PubMed
Item: Impact of Dual Thyroid and Prostate Cancer Diagnosis on Patient Survival: Insights From a Large Cohort Study. - Date: 2026 Apr 12 - Source: PubMed
Item: From Vision to Reality: 40 Years of Advancing Safe Surgical and Anesthesia Care Globally 1986-2025. - Date: 2026 Apr 11 - Source: PubMed
Item: Pancreatic Cancer-Advances in the Last 50 Years. - Date: 2026 Apr 11 - Source: PubMed
Item: The oxidative stress-triggered activation of the PKC-Nrf2-G6PD pathway drives Benz(a)pyrene-induced endometrial stromal cell proliferation. - Date: 2026 Apr 10 - Source: PubMed
Item: ATF3 links endoplasmic reticulum stress to ferroptosis via transcriptional activation of ALOX12 in benzene-induced hematotoxicity. - Date: 2026 Apr 10 - Source: PubMed
Item: Activated microglia contribute to paraquat neurotoxicity through neuroinflammation and regulation of phenotypic polarization of astrocytes. - Date: 2026 Apr 10 - Source: PubMed
Item: Urban-suburban-rural gradient variations in mortality associated with compound exposure to heat wave and ozone pollution: A case-crossover study using small-area assessment. - Date: 2026 Apr 10 - Source: PubMed
Item: Social vulnerability is associated with higher rate of emergency department visits and hospitalizations with vaccine preventable diseases among Colorado children. - Date: 2026 Apr 10 - Source: PubMed
Item: Hawaiʻi joins global partnership aimed at improving public health emergency response - Kauai Now - Date: Sun, 12 Apr 2026 15:00:00 GMT - Source: Google News Health
Item: What Two Pandemics Teach Us About Public Health and Democracy - The Fulcrum - Date: Sun, 12 Apr 2026 04:34:55 GMT - Source: Google News Health
Item: Public Health Week - MSU Denver - Date: Tue, 07 Apr 2026 07:00:00 GMT - Source: Google News Health
Item: Public Health Releases 2025 Annual Report During National Public Health Week - Lincoln County, OR - Date: Thu, 09 Apr 2026 19:29:07 GMT - Source: Google News Health
Item: Bangladesh measles outbreak grows, Vaccination campaign enters second phase - Outbreak News Today - Date: Sun, 12 Apr 2026 12:54:38 GMT - Source: Google News Health
Item: DrPH Student Spotlight: Victoria Adewumi - Johns Hopkins Bloomberg School of Public Health - Date: Sat, 11 Apr 2026 16:10:38 GMT - Source: Google News Health
Item: Supervisors Declare April 6-12 Public Health Week - Nevada County (.gov) - Date: Thu, 09 Apr 2026 19:42:00 GMT - Source: Google News Health
Item: Public Health Confirms Local Measles Case, Public Exposures Identified - Maricopa County (.gov) - Date: Thu, 09 Apr 2026 23:49:16 GMT - Source: Google News Health
Item: Performance Management & Quality Improvement: Resources | Public Health Gateway - Centers for Disease Control and Prevention | CDC (.gov) - Date: Mon, 06 Apr 2026 07:00:00 GMT - Source: Google News Health
Item: UC People: Mary Blackburn, public health pioneer - UCnet - Date: Fri, 10 Apr 2026 18:05:15 GMT - Source: Google News Health
Item: Nalpac Issues Voluntary Nationwide Recall of DTF Sexual Chocolate Due to the Presence of the Pharmaceutical Ingredient's Sildenafil and Tadalafil - Date: Mon, 06 Apr 2026 19:23:00 GMT - Source: CDC
Filtered (not public-health relevant): Supervisors Declare April 6-12 Public Health Week - Nevada County (.gov)
No new high-signal findings ready for delivery in this run.
Health research monitor started. Running daily at: 09:00, 17:30.
Warning: failed to fetch FDA feed: [Errno 54] Connection reset by peer
Fetched 21 total items.
Item: Corrigendum to Safety, tolerability and subjective effects of vaporized N, N-Dimethyltryptamine: A randomized double-blind clinical trial [European Neuropsychopharmacology 97 (2025) 16-27]. - Date: 2026 Apr 10 - Source: PubMed
Item: Biomarkers of Alzheimer's disease pathophysiology and delirium. - Date: 2026 Apr 10 - Source: PubMed
Item: Interventions for burnout among health profession students and trainees: Systematic review and implications for well-being work. - Date: 2026 Apr 10 - Source: PubMed
Item: Is EGFR back? ADCs revive targeted therapy in nasopharyngeal carcinoma. - Date: 2026 Apr 10 - Source: PubMed
Item: Novel immunotherapy response predictor based on blood Temra cell signature. - Date: 2026 Apr 10 - Source: PubMed
Item: MASH and liver fibrosis: Clinical trials to watch. - Date: 2026 Apr 10 - Source: PubMed
Item: Maternal immune activation: A critical prenatal risk factor for autism spectrum disorder. - Date: 2026 Apr 10 - Source: PubMed
Item: Microenvironment dysregulation in autism spectrum disorder: Immune, epigenetic, synaptic, and gut-brain mechanisms. - Date: 2026 Apr 10 - Source: PubMed
Item: Effects of Nature-based Group Intervention on Cognition and Nature Connectedness Among Lonely Older Adults Living in Assisted Living Facilities-Secondary Analyses of an RCT. - Date: 2026 Apr 10 - Source: PubMed
Item: Sustainable Postpartum Hemorrhage Training for Obstetric Nurses in Rural Areas in the Absence of Routine Patient Care Experiences. - Date: 2026 Apr 10 - Source: PubMed
Item: LA Launches Private Foundation for Public Health Cuts - Santa Monica Daily Press - Date: Sun, 12 Apr 2026 19:02:55 GMT - Source: Google News Health
Item: Insights from the Southern Hemisphere (September 2025) and Northern Hemisphere (February 2026) Vaccine Composition Meetings and Strengthening Influenza Surveillance in the WHO South East Asia Region - World Health Organization (WHO) - Date: Sun, 12 Apr 2026 16:22:53 GMT - Source: Google News Health
Item: Health Subcommittee: Healthier America: Legislative Proposals to Improve Public Health - House Committee on Energy and Commerce (.gov) - Date: Wed, 08 Apr 2026 22:16:12 GMT - Source: Google News Health
Item: Public Health Week - MSU Denver - Date: Tue, 07 Apr 2026 07:00:00 GMT - Source: Google News Health
Item: Public Health Releases 2025 Annual Report During National Public Health Week - Lincoln County, OR - Date: Thu, 09 Apr 2026 19:29:07 GMT - Source: Google News Health
Item: Johns Hopkins Bloomberg School of Public Health Again Rated #1 by Peers in U.S. News & World Report - Johns Hopkins Bloomberg School of Public Health - Date: Mon, 06 Apr 2026 20:27:43 GMT - Source: Google News Health
Item: A Tale of Two Pandemics: Public Health and Democracy from H1N1 to COVID-19 and Beyond - The Fulcrum - Date: Sun, 12 Apr 2026 04:34:55 GMT - Source: Google News Health
Item: Supervisors Declare April 6-12 Public Health Week - Nevada County (.gov) - Date: Thu, 09 Apr 2026 19:42:00 GMT - Source: Google News Health
Item: Public Health Confirms Local Measles Case, Public Exposures Identified - Maricopa County (.gov) - Date: Thu, 09 Apr 2026 23:49:16 GMT - Source: Google News Health
Item: UC People: Mary Blackburn, public health pioneer - UCnet - Date: Fri, 10 Apr 2026 18:05:15 GMT - Source: Google News Health
Item: Nalpac Issues Voluntary Nationwide Recall of DTF Sexual Chocolate Due to the Presence of the Pharmaceutical Ingredient's Sildenafil and Tadalafil - Date: Mon, 06 Apr 2026 19:23:00 GMT - Source: CDC
Filtered (low population impact 0 < 16): Corrigendum to Safety, tolerability and subjective effects of vaporized N, N-Dimethyltryptamine: A randomized double-blind clinical trial [European Neuropsychopharmacology 97 (2025) 16-27].
Filtered (not public-health relevant): Biomarkers of Alzheimer's disease pathophysiology and delirium.
Filtered (not public-health relevant): Interventions for burnout among health profession students and trainees: Systematic review and implications for well-being work.
Filtered (not public-health relevant): Is EGFR back? ADCs revive targeted therapy in nasopharyngeal carcinoma.
Filtered (not public-health relevant): Novel immunotherapy response predictor based on blood Temra cell signature.
Filtered (low population impact 0 < 16): MASH and liver fibrosis: Clinical trials to watch.
Filtered (not public-health relevant): Maternal immune activation: A critical prenatal risk factor for autism spectrum disorder.
Filtered (not public-health relevant): Microenvironment dysregulation in autism spectrum disorder: Immune, epigenetic, synaptic, and gut-brain mechanisms.
Filtered (not public-health relevant): Effects of Nature-based Group Intervention on Cognition and Nature Connectedness Among Lonely Older Adults Living in Assisted Living Facilities-Secondary Analyses of an RCT.
Filtered (not public-health relevant): Sustainable Postpartum Hemorrhage Training for Obstetric Nurses in Rural Areas in the Absence of Routine Patient Care Experiences.
Filtered (low population impact 10 < 16): LA Launches Private Foundation for Public Health Cuts - Santa Monica Daily Press
Passed filter (signal 45, impact 34): Insights from the Southern Hemisphere (September 2025) and Northern Hemisphere (February 2026) Vaccine Composition Meetings and Strengthening Influenza Surveillance in the WHO South East Asia Region - World Health Organization (WHO)
Filtered (low population impact 10 < 16): Health Subcommittee: Healthier America: Legislative Proposals to Improve Public Health - House Committee on Energy and Commerce (.gov)
Filtered (low population impact 10 < 16): Johns Hopkins Bloomberg School of Public Health Again Rated #1 by Peers in U.S. News & World Report - Johns Hopkins Bloomberg School of Public Health

📊 Cross-researching: Insights from the Southern Hemisphere (September 2025) and Northern Hemisphere (February 2026) Vaccine Composition Meetings and Strengthening Influenza Surveillance in the WHO South East Asia Region - World Health Organization (WHO)
  → Query 1/5: vaccine September Insights Southern Hemisphere WHO
  → Query 2/5: Insights from the Southern Hemisphere (September 2025) and Northern Hemisphere (February 2026) Vaccine Composition Meetings and Strengthening Influenza Surveillance in the WHO South East Asia Region - World Health Organization (WHO)
  → Query 3/5: public health Insights from the Southern Hemisphere (September 2025) and Northern Hemisphere (February 2026) Vaccine Composition Meetings and Strengthening Influenza Surveillance in the WHO South East Asia Region - World Health Organization (WHO)
  → Query 4/5: Insights from the Southern Hemisphere (September 2025) and Northern Hemisphere (February 2026) Vaccine Composition Meetings and Strengthening Influenza Surveillance in the WHO South East Asia Region - World Health Organization (WHO) clinical implications
  → Query 5/5: public health policy epidemiology surveillance
Sent digest email with 1 articles and 1 PDF attachments.
Sent digest to Slack with 1 articles.
Published article to website feed: Insights from the Southern Hemisphere (September 2025) and Northern Hemisphere (February 2026) Vaccine Composition Meetings and Strengthening Influenza Surveillance in the WHO South East Asia Region - World Health Organization (WHO)
Fetched 21 total items.
Item: Underlying MASLD-induced gut microbiome dysbiosis and intestinal inflammation are key to poor outcomes in vibriosis infections in a preclinical model. - Date: 2026 Dec 31 - Source: PubMed
Item: Dietary Fibre, Gut Microbiota and Cardiovascular Outcomes: Differential Associations by Diabetes Status in Multiethnic Cohorts. - Date: 2026 Apr 13 - Source: PubMed
Item: Association of SGLT2 Inhibitor With Stroke in Type 2 Diabetes With Diabetic Retinopathy: A Multicenter Electronic Health Record Data Study. - Date: 2026 Apr 13 - Source: PubMed
Item: Changes in concentrations of Tobacco Specific Nitrosamines in saliva in the general population of Barcelona before and after implementation of tobacco control legislation. - Date: 2026 Apr 13 - Source: PubMed
Item: Semaglutide and Cardiovascular Outcomes According to Baseline Aspirin Use: Analyses of the SOUL and SELECT Trials. - Date: 2026 Apr 13 - Source: PubMed
Item: Glucocorticoid-Induced Hyperglycaemia in Hospital: The Insulin Dose Matters Most. - Date: 2026 Apr 13 - Source: PubMed
Item: A biodegradable polymeric nanoparticle vaccine for combating Acinetobacter baumannii infection. - Date: 2026 Apr 13 - Source: PubMed
Item: The Patient, the Provider, and the TikTok Creator: Qualitative Analysis of the Content and Quality of Videos on Prenatal Genetic Screening. - Date: 2026 Apr 13 - Source: PubMed
Item: Joint associations of 25-hydroxyvitamin D and physical activity with hypertension: Evidence from the ELSA study and genome-wide data. - Date: 2026 Apr 13 - Source: PubMed
Item: Complications and clinical outcomes of retroperitoneal lymph node dissection for testicular cancer in a centralized population-based cohort in Sweden: insights from SWENOTECA. - Date: 2026 Apr 13 - Source: PubMed
Item: UNM College of Population Health Celebrates 10 Years - UNM HSC Newsroom - Date: Mon, 13 Apr 2026 12:08:35 GMT - Source: Google News Health
Item: Erectile dysfunction is more than a sexual issue - statnews.com - Date: Mon, 13 Apr 2026 08:35:20 GMT - Source: Google News Health
Item: SF health tech companies create air-based pathogen detection system - San Francisco Examiner - Date: Mon, 13 Apr 2026 11:00:00 GMT - Source: Google News Health
Item: Measles Cases and Outbreaks - Centers for Disease Control and Prevention | CDC (.gov) - Date: Fri, 10 Apr 2026 07:00:00 GMT - Source: Google News Health
Item: News - Betting your future: Is gambling a threat to your career and well-being? - DVIDS - Date: Mon, 13 Apr 2026 11:49:00 GMT - Source: Google News Health
Item: PAHO’s 2025 Country Reports highlight the Region’s progress in health - Pan American Health Organization (PAHO) - Date: Mon, 13 Apr 2026 11:29:14 GMT - Source: Google News Health
Item: 25 million people lost Medicaid after the COVID-19 pandemic — and state policies shaped who stayed covered - The Conversation - Date: Mon, 13 Apr 2026 12:43:47 GMT - Source: Google News Health
Item: UNC researcher works to make AI more reliable in health care - Spectrum News - Date: Mon, 13 Apr 2026 09:00:00 GMT - Source: Google News Health
Item: 1 in 10 health ad dollars go to sites spreading misinformation - News-Medical - Date: Mon, 13 Apr 2026 08:31:00 GMT - Source: Google News Health
Item: Public Health Releases 2025 Annual Report During National Public Health Week - Lincoln County, OR - Date: Thu, 09 Apr 2026 19:29:07 GMT - Source: Google News Health
Item: Nalpac Issues Voluntary Nationwide Recall of DTF Sexual Chocolate Due to the Presence of the Pharmaceutical Ingredient's Sildenafil and Tadalafil - Date: Mon, 06 Apr 2026 19:23:00 GMT - Source: CDC
Filtered (not public-health relevant): Underlying MASLD-induced gut microbiome dysbiosis and intestinal inflammation are key to poor outcomes in vibriosis infections in a preclinical model.
Filtered (not public-health relevant): Dietary Fibre, Gut Microbiota and Cardiovascular Outcomes: Differential Associations by Diabetes Status in Multiethnic Cohorts.
Filtered (not public-health relevant): Association of SGLT2 Inhibitor With Stroke in Type 2 Diabetes With Diabetic Retinopathy: A Multicenter Electronic Health Record Data Study.
Filtered (not public-health relevant): Changes in concentrations of Tobacco Specific Nitrosamines in saliva in the general population of Barcelona before and after implementation of tobacco control legislation.
Filtered (not public-health relevant): Semaglutide and Cardiovascular Outcomes According to Baseline Aspirin Use: Analyses of the SOUL and SELECT Trials.
Filtered (low population impact 0 < 16): Glucocorticoid-Induced Hyperglycaemia in Hospital: The Insulin Dose Matters Most.
Filtered (low population impact 0 < 16): A biodegradable polymeric nanoparticle vaccine for combating Acinetobacter baumannii infection.
Filtered (low population impact 0 < 16): The Patient, the Provider, and the TikTok Creator: Qualitative Analysis of the Content and Quality of Videos on Prenatal Genetic Screening.
Filtered (not public-health relevant): Joint associations of 25-hydroxyvitamin D and physical activity with hypertension: Evidence from the ELSA study and genome-wide data.
Filtered (not public-health relevant): Complications and clinical outcomes of retroperitoneal lymph node dissection for testicular cancer in a centralized population-based cohort in Sweden: insights from SWENOTECA.
Filtered (not public-health relevant): UNM College of Population Health Celebrates 10 Years - UNM HSC Newsroom
Filtered (not public-health relevant): Erectile dysfunction is more than a sexual issue - statnews.com
Filtered (not public-health relevant): SF health tech companies create air-based pathogen detection system - San Francisco Examiner
Duplicate filtered: Measles Cases and Outbreaks - Centers for Disease Control and Prevention | CDC (.gov)
Filtered (not public-health relevant): News - Betting your future: Is gambling a threat to your career and well-being? - DVIDS
Filtered (not public-health relevant): PAHO’s 2025 Country Reports highlight the Region’s progress in health - Pan American Health Organization (PAHO)
Passed filter (signal 45, impact 34): 25 million people lost Medicaid after the COVID-19 pandemic — and state policies shaped who stayed covered - The Conversation
Filtered (not public-health relevant): UNC researcher works to make AI more reliable in health care - Spectrum News
Filtered (not public-health relevant): 1 in 10 health ad dollars go to sites spreading misinformation - News-Medical

📊 Cross-researching: 25 million people lost Medicaid after the COVID-19 pandemic — and state policies shaped who stayed covered - The Conversation
  → Query 1/5: pandemic Medicaid The Conversation WHO
arXiv search error: 429 Client Error: Unknown Error for url: https://export.arxiv.org/api/query?search_query=cat%3Aq-bio+AND+%28pandemic+Medicaid+The+Conversation+WHO%29&start=0&max_results=2&sortBy=submittedDate&sortOrder=descending
  → Query 2/5: 25 million people lost Medicaid after the COVID-19 pandemic — and state policies shaped who stayed covered - The Conversation
arXiv search error: 429 Client Error: Unknown Error for url: https://export.arxiv.org/api/query?search_query=cat%3Aq-bio+AND+%2825+million+people+lost+Medicaid+after+the+COVID-19+pandemic+%E2%80%94+and+state+policies+shaped+who+stayed+covered+-+The+Conversation%29&start=0&max_results=2&sortBy=submittedDate&sortOrder=descending
  → Query 3/5: public health 25 million people lost Medicaid after the COVID-19 pandemic — and state policies shaped who stayed covered - The Conversation
arXiv search error: 429 Client Error: Unknown Error for url: https://export.arxiv.org/api/query?search_query=cat%3Aq-bio+AND+%28public+health+25+million+people+lost+Medicaid+after+the+COVID-19+pandemic+%E2%80%94+and+state+policies+shaped+who+stayed+covered+-+The+Conversation%29&start=0&max_results=2&sortBy=submittedDate&sortOrder=descending
  → Query 4/5: 25 million people lost Medicaid after the COVID-19 pandemic — and state policies shaped who stayed covered - The Conversation clinical implications
arXiv search error: 429 Client Error: Unknown Error for url: https://export.arxiv.org/api/query?search_query=cat%3Aq-bio+AND+%2825+million+people+lost+Medicaid+after+the+COVID-19+pandemic+%E2%80%94+and+state+policies+shaped+who+stayed+covered+-+The+Conversation+clinical+implications%29&start=0&max_results=2&sortBy=submittedDate&sortOrder=descending
  → Query 5/5: public health policy epidemiology surveillance
arXiv search error: 429 Client Error: Unknown Error for url: https://export.arxiv.org/api/query?search_query=cat%3Aq-bio+AND+%28public+health+policy+epidemiology+surveillance%29&start=0&max_results=2&sortBy=submittedDate&sortOrder=descending
Email attempt 1/3 failed: timed out
Email attempt 2/3 failed: timed out
Email attempt 3/3 failed: timed out
Email delivery failed: All email attempts failed. Last error: timed out
Sent digest to Slack with 1 articles.
Published article to website feed: 25 million people lost Medicaid after the COVID-19 pandemic — and state policies shaped who stayed covered - The Conversation
Fetched 20 total items.
Item: Light-Mediated In Situ Synchronous Capture of Antigens and Nucleic Acids as Nanovaccines to Boost Tumor Radioimmunotherapy. - Date: 2026 Apr 13 - Source: PubMed
Item: How the new general and acute care medicine curriculum moves trainees beyond the bedside: from whole-patient care to whole-system leaders. - Date: 2026 Apr 13 - Source: PubMed
Item: Comparative Effectiveness of Different Influenza Vaccine Formulations among Patients Undergoing Maintenance Hemodialysis. - Date: 2026 Apr 13 - Source: PubMed
Item: Evaluation of the METRA + intervention on mental health and social functioning in Afghan refugee adolescents in Pakistan: a pilot study. - Date: 2026 Dec - Source: PubMed
Item: Rethinking centralised oncology pharmacy practice in the era of flat-dose immunotherapy, subcutaneous formulations and visit-administration day separation: A conceptual analysis and reform proposal. - Date: 2026 Apr 13 - Source: PubMed
Item: Deprescribing Intervention and Reduction of Proton Pump Inhibitor Use in Primary Care: A Cluster Randomized Clinical Trial. - Date: 2026 Apr 13 - Source: PubMed
Item: Palliative Care Intervention for Patients With End-Stage Liver Disease: A Cluster Randomized Clinical Trial. - Date: 2026 Apr 13 - Source: PubMed
Item: The First AI Drug Prescriber. - Date: 2026 Apr 13 - Source: PubMed
Item: When Cost-Effectiveness Crosses Borders-Nirsevimab as an Example. - Date: 2026 Apr 13 - Source: PubMed
Item: Resilience among bereaved siblings of homicide and traffic accidents in Japan. - Date: 2026 Dec - Source: PubMed
Item: Housing and homelessness: Solutions at the intersection of public health and public safety - Harvard T.H. Chan School of Public Health - Date: Mon, 13 Apr 2026 18:00:00 GMT - Source: Google News Health
Item: Public Health Actions for Extreme Heat Protections - American Public Health Association - Date: Mon, 13 Apr 2026 16:51:00 GMT - Source: Google News Health
Item: Public Health Students Gain Skills, Communities Gain Capacity - UMass Lowell - Date: Mon, 13 Apr 2026 19:36:05 GMT - Source: Google News Health
Item: State Policy Trends in Cybersecurity and Public Health Preparedness - Association of State and Territorial Health Officials | ASTHO - Date: Mon, 13 Apr 2026 16:05:04 GMT - Source: Google News Health
Item: Former CDC Director Shares the Hard Work Behind Outbreaks that Didn’t Happen - GW Today - Date: Mon, 13 Apr 2026 15:41:53 GMT - Source: Google News Health
Item: How Public Health Transformed Human Life - Yale Insights - Date: Mon, 13 Apr 2026 13:53:42 GMT - Source: Google News Health
Item: UNM College of Population Health Celebrates 10 Years - UNM HSC Newsroom - Date: Mon, 13 Apr 2026 12:08:35 GMT - Source: Google News Health
Item: Public health agency serving Alleghany, Ashe, Watauga to cut jobs - WUNC News - Date: Mon, 13 Apr 2026 19:07:00 GMT - Source: Google News Health
Item: Contra Costa Health nurses demand Board of Supervisors stop drastic budget and service cuts - National Nurses United - Date: Mon, 13 Apr 2026 19:00:44 GMT - Source: Google News Health
Item: The Metro: Michigan’s ‘RFK Jr.’ is re-shaping public health in St. Clair County - WDET 101.9 FM - Date: Mon, 13 Apr 2026 20:00:14 GMT - Source: Google News Health
Filtered (low population impact 0 < 16): Light-Mediated In Situ Synchronous Capture of Antigens and Nucleic Acids as Nanovaccines to Boost Tumor Radioimmunotherapy.
Filtered (low population impact 8 < 16): How the new general and acute care medicine curriculum moves trainees beyond the bedside: from whole-patient care to whole-system leaders.
Passed filter (signal 55, impact 16): Comparative Effectiveness of Different Influenza Vaccine Formulations among Patients Undergoing Maintenance Hemodialysis.
Filtered (not public-health relevant): Evaluation of the METRA + intervention on mental health and social functioning in Afghan refugee adolescents in Pakistan: a pilot study.
Filtered (not public-health relevant): Rethinking centralised oncology pharmacy practice in the era of flat-dose immunotherapy, subcutaneous formulations and visit-administration day separation: A conceptual analysis and reform proposal.
Filtered (low population impact 0 < 16): Deprescribing Intervention and Reduction of Proton Pump Inhibitor Use in Primary Care: A Cluster Randomized Clinical Trial.
Filtered (low population impact 0 < 16): Palliative Care Intervention for Patients With End-Stage Liver Disease: A Cluster Randomized Clinical Trial.
Filtered (not public-health relevant): The First AI Drug Prescriber.
Filtered (not public-health relevant): When Cost-Effectiveness Crosses Borders-Nirsevimab as an Example.
Filtered (not public-health relevant): Resilience among bereaved siblings of homicide and traffic accidents in Japan.
Filtered (low population impact 10 < 16): Housing and homelessness: Solutions at the intersection of public health and public safety - Harvard T.H. Chan School of Public Health
Filtered (low population impact 10 < 16): Public Health Actions for Extreme Heat Protections - American Public Health Association
Filtered (low population impact 10 < 16): Public Health Students Gain Skills, Communities Gain Capacity - UMass Lowell
Filtered (low signal 20): State Policy Trends in Cybersecurity and Public Health Preparedness - Association of State and Territorial Health Officials | ASTHO
Passed filter (signal 45, impact 26): Former CDC Director Shares the Hard Work Behind Outbreaks that Didn’t Happen - GW Today
Filtered (low population impact 10 < 16): How Public Health Transformed Human Life - Yale Insights
Filtered (low population impact 10 < 16): Public health agency serving Alleghany, Ashe, Watauga to cut jobs - WUNC News
Filtered (not public-health relevant): Contra Costa Health nurses demand Board of Supervisors stop drastic budget and service cuts - National Nurses United
Filtered (low population impact 10 < 16): The Metro: Michigan’s ‘RFK Jr.’ is re-shaping public health in St. Clair County - WDET 101.9 FM

📊 Cross-researching: Comparative Effectiveness of Different Influenza Vaccine Formulations among Patients Undergoing Maintenance Hemodialysis.
  → Query 1/5: Comparative Effectiveness Different Influenza Vaccine Formulations Patients Undergoing Maintenance Hemodialysis vaccine
  → Query 2/5: Comparative Effectiveness of Different Influenza Vaccine Formulations among Patients Undergoing Maintenance Hemodialysis.
  → Query 3/5: public health Comparative Effectiveness of Different Influenza Vaccine Formulations among Patients Undergoing Maintenance Hemodialysis.
  → Query 4/5: Comparative Effectiveness of Different Influenza Vaccine Formulations among Patients Undergoing Maintenance Hemodialysis. clinical implications
  → Query 5/5: public health policy epidemiology surveillance

📊 Cross-researching: Former CDC Director Shares the Hard Work Behind Outbreaks that Didn’t Happen - GW Today
  → Query 1/5: Hard Work Behind Outbreaks outbreak Director Shares Former CDC
  → Query 2/5: Former CDC Director Shares the Hard Work Behind Outbreaks that Didn’t Happen - GW Today
  → Query 3/5: public health Former CDC Director Shares the Hard Work Behind Outbreaks that Didn’t Happen - GW Today
  → Query 4/5: Former CDC Director Shares the Hard Work Behind Outbreaks that Didn’t Happen - GW Today clinical implications
  → Query 5/5: public health policy epidemiology surveillance
Sent digest email with 2 articles and 2 PDF attachments.
Sent digest to Slack with 2 articles.
Published article to website feed: Former CDC Director Shares the Hard Work Behind Outbreaks that Didn’t Happen - GW Today
Published article to website feed: Comparative Effectiveness of Different Influenza Vaccine Formulations among Patients Undergoing Maintenance Hemodialysis.
Fetched 20 total items.
Item: Saruparib in combination with androgen receptor pathway inhibitors in metastatic hormone-sensitive prostate cancer: EvoPAR-Prostate01. - Date: 2026 Apr 14 - Source: PubMed
Item: Opportunities for informatics to improve patient experiences: observations and reflections of ACMI fellows. - Date: 2026 Apr 13 - Source: PubMed
Item: Nitro-substituted ruthenium(II) polypyridyl complexes synergise with ATR inhibitors to enhance replication stress in cancer cells. - Date: 2026 Apr 14 - Source: PubMed
Item: "Click" chemistry for the assembly of entirely carbohydrate-based vaccines. - Date: 2026 Apr 14 - Source: PubMed
Item: A prospective randomised evaluation of voltage propagation vs anatomical atrioventricular nodal re-entry tachycardia mapping in paediatric patients. - Date: 2026 Apr 14 - Source: PubMed
Item: Protective Efficacy of Vaccines Against Grass Carp Hemorrhagic Disease: A Systematic Review and Meta-Analysis. - Date: 2026 Apr 14 - Source: PubMed
Item: Comparative Renal Safety of Tenofovir Alafenamide vs. Tenofovir Disoproxil Fumarate in Chronic Hepatitis B: A Korean Nationwide Study. - Date: 2026 Apr 13 - Source: PubMed
Item: Clinical Characteristics and Risk Factors for Syphilis Among People Living With Human Immunodeficiency Virus: A Nationwide Population-Based Cohort Study in Korea. - Date: 2026 Apr 13 - Source: PubMed
Item: Trends in Acute Care and Rehabilitation for First-Ever Stroke Patients: A 12-Year Perspective, the KOSCO Study. - Date: 2026 Apr 13 - Source: PubMed
Item: Comparison of Vaccine Adverse Events Between Zoster Vaccine Live and Recombinant Zoster Vaccine: A Prospective Multicenter Survey. - Date: 2026 Apr 13 - Source: PubMed
Item: Health Subcommittee: Healthier America: Legislative Proposals to Improve Public Health - House Committee on Energy and Commerce (.gov) - Date: Mon, 13 Apr 2026 21:16:18 GMT - Source: Google News Health
Item: Measles Cases and Outbreaks - Centers for Disease Control and Prevention | CDC (.gov) - Date: Fri, 10 Apr 2026 07:00:00 GMT - Source: Google News Health
Item: Hard on the Arteries - Health Sciences | University of Pittsburgh - Date: Tue, 14 Apr 2026 00:18:22 GMT - Source: Google News Health
Item: Housing and homelessness: Solutions at the intersection of public health and public safety - Harvard T.H. Chan School of Public Health - Date: Mon, 13 Apr 2026 18:00:00 GMT - Source: Google News Health
Item: Alabama spared for now as nationwide measles outbreaks outpace 2025 cases - Alabama Reflector - Date: Tue, 14 Apr 2026 11:10:04 GMT - Source: Google News Health
Item: Professor details history of public health at Brown - The Brown Daily Herald - Date: Tue, 14 Apr 2026 07:03:00 GMT - Source: Google News Health
Item: See the impact: New Water Infrastructure Grants Dashboard visualizes the flow of funds - State of Michigan (.gov) - Date: Tue, 14 Apr 2026 08:37:30 GMT - Source: Google News Health
Item: Public Health Students Gain Skills, Communities Gain Capacity - UMass Lowell - Date: Mon, 13 Apr 2026 19:36:05 GMT - Source: Google News Health
Item: Public Health Actions for Extreme Heat Protections - American Public Health Association - Date: Mon, 13 Apr 2026 16:51:00 GMT - Source: Google News Health
Item: State health officials to release measles update Tuesday as South Carolina nears outbreak's potential end - South Carolina Public Radio - Date: Tue, 14 Apr 2026 11:33:00 GMT - Source: Google News Health
Filtered (not public-health relevant): Saruparib in combination with androgen receptor pathway inhibitors in metastatic hormone-sensitive prostate cancer: EvoPAR-Prostate01.
Filtered (not public-health relevant): Opportunities for informatics to improve patient experiences: observations and reflections of ACMI fellows.
Filtered (not public-health relevant): Nitro-substituted ruthenium(II) polypyridyl complexes synergise with ATR inhibitors to enhance replication stress in cancer cells.
Filtered (low population impact 0 < 16): "Click" chemistry for the assembly of entirely carbohydrate-based vaccines.
Filtered (not public-health relevant): A prospective randomised evaluation of voltage propagation vs anatomical atrioventricular nodal re-entry tachycardia mapping in paediatric patients.
Filtered (low population impact 0 < 16): Protective Efficacy of Vaccines Against Grass Carp Hemorrhagic Disease: A Systematic Review and Meta-Analysis.
Filtered (not public-health relevant): Comparative Renal Safety of Tenofovir Alafenamide vs. Tenofovir Disoproxil Fumarate in Chronic Hepatitis B: A Korean Nationwide Study.
Filtered (not public-health relevant): Clinical Characteristics and Risk Factors for Syphilis Among People Living With Human Immunodeficiency Virus: A Nationwide Population-Based Cohort Study in Korea.
Filtered (not public-health relevant): Trends in Acute Care and Rehabilitation for First-Ever Stroke Patients: A 12-Year Perspective, the KOSCO Study.
Filtered (low population impact 0 < 16): Comparison of Vaccine Adverse Events Between Zoster Vaccine Live and Recombinant Zoster Vaccine: A Prospective Multicenter Survey.
Duplicate filtered: Measles Cases and Outbreaks - Centers for Disease Control and Prevention | CDC (.gov)
Filtered (not public-health relevant): Hard on the Arteries - Health Sciences | University of Pittsburgh
Passed filter (signal 45, impact 34): Alabama spared for now as nationwide measles outbreaks outpace 2025 cases - Alabama Reflector
Filtered (low population impact 10 < 16): Professor details history of public health at Brown - The Brown Daily Herald
Filtered (not public-health relevant): See the impact: New Water Infrastructure Grants Dashboard visualizes the flow of funds - State of Michigan (.gov)
Passed filter (signal 45, impact 26): State health officials to release measles update Tuesday as South Carolina nears outbreak's potential end - South Carolina Public Radio

📊 Cross-researching: Alabama spared for now as nationwide measles outbreaks outpace 2025 cases - Alabama Reflector
  → Query 1/5: Alabama Reflector Alabama outbreak
  → Query 2/5: Alabama spared for now as nationwide measles outbreaks outpace 2025 cases - Alabama Reflector
arXiv search error: HTTPSConnectionPool(host='export.arxiv.org', port=443): Read timed out. (read timeout=20)
  → Query 3/5: public health Alabama spared for now as nationwide measles outbreaks outpace 2025 cases - Alabama Reflector
arXiv search error: HTTPSConnectionPool(host='export.arxiv.org', port=443): Read timed out. (read timeout=20)
  → Query 4/5: Alabama spared for now as nationwide measles outbreaks outpace 2025 cases - Alabama Reflector clinical implications
arXiv search error: HTTPSConnectionPool(host='export.arxiv.org', port=443): Read timed out. (read timeout=20)
  → Query 5/5: public health policy epidemiology surveillance
arXiv search error: 429 Client Error: Unknown Error for url: https://export.arxiv.org/api/query?search_query=cat%3Aq-bio+AND+%28public+health+policy+epidemiology+surveillance%29&start=0&max_results=2&sortBy=submittedDate&sortOrder=descending

📊 Cross-researching: State health officials to release measles update Tuesday as South Carolina nears outbreak's potential end - South Carolina Public Radio
  → Query 1/5: South Carolina Tuesday State outbreak
arXiv search error: 429 Client Error: Unknown Error for url: https://export.arxiv.org/api/query?search_query=cat%3Aq-bio+AND+%28South+Carolina+Tuesday+State+outbreak%29&start=0&max_results=2&sortBy=submittedDate&sortOrder=descending
  → Query 2/5: State health officials to release measles update Tuesday as South Carolina nears outbreak's potential end - South Carolina Public Radio
arXiv search error: 429 Client Error: Unknown Error for url: https://export.arxiv.org/api/query?search_query=cat%3Aq-bio+AND+%28State+health+officials+to+release+measles+update+Tuesday+as+South+Carolina+nears+outbreak%27s+potential+end+-+South+Carolina+Public+Radio%29&start=0&max_results=2&sortBy=submittedDate&sortOrder=descending
  → Query 3/5: public health State health officials to release measles update Tuesday as South Carolina nears outbreak's potential end - South Carolina Public Radio
arXiv search error: 429 Client Error: Unknown Error for url: https://export.arxiv.org/api/query?search_query=cat%3Aq-bio+AND+%28public+health+State+health+officials+to+release+measles+update+Tuesday+as+South+Carolina+nears+outbreak%27s+potential+end+-+South+Carolina+Public+Radio%29&start=0&max_results=2&sortBy=submittedDate&sortOrder=descending
  → Query 4/5: State health officials to release measles update Tuesday as South Carolina nears outbreak's potential end - South Carolina Public Radio clinical implications
arXiv search error: 429 Client Error: Too Many Requests for url: https://export.arxiv.org/api/query?search_query=cat%3Aq-bio+AND+%28State+health+officials+to+release+measles+update+Tuesday+as+South+Carolina+nears+outbreak%27s+potential+end+-+South+Carolina+Public+Radio+clinical+implications%29&start=0&max_results=2&sortBy=submittedDate&sortOrder=descending
  → Query 5/5: public health policy epidemiology surveillance
arXiv search error: 429 Client Error: Unknown Error for url: https://export.arxiv.org/api/query?search_query=cat%3Aq-bio+AND+%28public+health+policy+epidemiology+surveillance%29&start=0&max_results=2&sortBy=submittedDate&sortOrder=descending
Email attempt 1/3 failed: timed out
Email attempt 2/3 failed: timed out
Email attempt 3/3 failed: timed out
Email delivery failed: All email attempts failed. Last error: timed out
Sent digest to Slack with 2 articles.
Published article to website feed: Alabama spared for now as nationwide measles outbreaks outpace 2025 cases - Alabama Reflector
Published article to website feed: State health officials to release measles update Tuesday as South Carolina nears outbreak's potential end - South Carolina Public Radio
Traceback (most recent call last):
  File "/Users/aryankshparida/Public Health Research/.venv/lib/python3.9/site-packages/urllib3/connection.py", line 204, in _new_conn
    sock = connection.create_connection(
  File "/Users/aryankshparida/Public Health Research/.venv/lib/python3.9/site-packages/urllib3/util/connection.py", line 60, in create_connection
    for res in socket.getaddrinfo(host, port, family, socket.SOCK_STREAM):
  File "/Library/Developer/CommandLineTools/Library/Frameworks/Python3.framework/Versions/3.9/lib/python3.9/socket.py", line 953, in getaddrinfo
    for res in _socket.getaddrinfo(host, port, family, type, proto, flags):
socket.gaierror: [Errno 8] nodename nor servname provided, or not known

The above exception was the direct cause of the following exception:

Traceback (most recent call last):
  File "/Users/aryankshparida/Public Health Research/.venv/lib/python3.9/site-packages/urllib3/connectionpool.py", line 787, in urlopen
    response = self._make_request(
  File "/Users/aryankshparida/Public Health Research/.venv/lib/python3.9/site-packages/urllib3/connectionpool.py", line 488, in _make_request
    raise new_e
  File "/Users/aryankshparida/Public Health Research/.venv/lib/python3.9/site-packages/urllib3/connectionpool.py", line 464, in _make_request
    self._validate_conn(conn)
  File "/Users/aryankshparida/Public Health Research/.venv/lib/python3.9/site-packages/urllib3/connectionpool.py", line 1093, in _validate_conn
    conn.connect()
  File "/Users/aryankshparida/Public Health Research/.venv/lib/python3.9/site-packages/urllib3/connection.py", line 759, in connect
    self.sock = sock = self._new_conn()
  File "/Users/aryankshparida/Public Health Research/.venv/lib/python3.9/site-packages/urllib3/connection.py", line 211, in _new_conn
    raise NameResolutionError(self.host, self, e) from e
urllib3.exceptions.NameResolutionError: HTTPSConnection(host='eutils.ncbi.nlm.nih.gov', port=443): Failed to resolve 'eutils.ncbi.nlm.nih.gov' ([Errno 8] nodename nor servname provided, or not known)

The above exception was the direct cause of the following exception:

Traceback (most recent call last):
  File "/Users/aryankshparida/Public Health Research/.venv/lib/python3.9/site-packages/requests/adapters.py", line 644, in send
    resp = conn.urlopen(
  File "/Users/aryankshparida/Public Health Research/.venv/lib/python3.9/site-packages/urllib3/connectionpool.py", line 841, in urlopen
    retries = retries.increment(
  File "/Users/aryankshparida/Public Health Research/.venv/lib/python3.9/site-packages/urllib3/util/retry.py", line 535, in increment
    raise MaxRetryError(_pool, url, reason) from reason  # type: ignore[arg-type]
urllib3.exceptions.MaxRetryError: HTTPSConnectionPool(host='eutils.ncbi.nlm.nih.gov', port=443): Max retries exceeded with url: /entrez/eutils/esearch.fcgi?db=pubmed&term=public+health+OR+pandemic+OR+vaccine+OR+clinical+trial&sort=pub%2Bdate&retmax=10&retmode=json&datetype=pdat&reldate=2 (Caused by NameResolutionError("HTTPSConnection(host='eutils.ncbi.nlm.nih.gov', port=443): Failed to resolve 'eutils.ncbi.nlm.nih.gov' ([Errno 8] nodename nor servname provided, or not known)"))

During handling of the above exception, another exception occurred:

Traceback (most recent call last):
  File "/Users/aryankshparida/Public Health Research/health_research_monitor.py", line 1952, in <module>
  File "/Users/aryankshparida/Public Health Research/.venv/lib/python3.9/site-packages/schedule/__init__.py", line 854, in run_pending
    default_scheduler.run_pending()
  File "/Users/aryankshparida/Public Health Research/.venv/lib/python3.9/site-packages/schedule/__init__.py", line 101, in run_pending
    self._run_job(job)
  File "/Users/aryankshparida/Public Health Research/.venv/lib/python3.9/site-packages/schedule/__init__.py", line 173, in _run_job
    ret = job.run()
  File "/Users/aryankshparida/Public Health Research/.venv/lib/python3.9/site-packages/schedule/__init__.py", line 691, in run
    ret = self.job_func()
  File "/Users/aryankshparida/Public Health Research/health_research_monitor.py", line 1685, in run_monitor
    source_count = report.get("metadata", {}).get("total_sources_found", 0)
  File "/Users/aryankshparida/Public Health Research/health_research_monitor.py", line 533, in fetch_pubmed_items
    response = requests.get(search_url, params=params, timeout=20)
  File "/Users/aryankshparida/Public Health Research/.venv/lib/python3.9/site-packages/requests/api.py", line 73, in get
    return request("get", url, params=params, **kwargs)
  File "/Users/aryankshparida/Public Health Research/.venv/lib/python3.9/site-packages/requests/api.py", line 59, in request
    return session.request(method=method, url=url, **kwargs)
  File "/Users/aryankshparida/Public Health Research/.venv/lib/python3.9/site-packages/requests/sessions.py", line 589, in request
    resp = self.send(prep, **send_kwargs)
  File "/Users/aryankshparida/Public Health Research/.venv/lib/python3.9/site-packages/requests/sessions.py", line 703, in send
    r = adapter.send(request, **kwargs)
  File "/Users/aryankshparida/Public Health Research/.venv/lib/python3.9/site-packages/requests/adapters.py", line 677, in send
    raise ConnectionError(e, request=request)
requests.exceptions.ConnectionError: HTTPSConnectionPool(host='eutils.ncbi.nlm.nih.gov', port=443): Max retries exceeded with url: /entrez/eutils/esearch.fcgi?db=pubmed&term=public+health+OR+pandemic+OR+vaccine+OR+clinical+trial&sort=pub%2Bdate&retmax=10&retmode=json&datetype=pdat&reldate=2 (Caused by NameResolutionError("HTTPSConnection(host='eutils.ncbi.nlm.nih.gov', port=443): Failed to resolve 'eutils.ncbi.nlm.nih.gov' ([Errno 8] nodename nor servname provided, or not known)"))
